Component: ARM Compiler 5.06 update 2 (build 183) Tool: armlink [4d35b7]

==============================================================================

Section Cross References

    main.o(i.PIOINT1_IRQHandler) refers to main.o(i.Delay) for Delay
    main.o(i.PIOINT1_IRQHandler) refers to main.o(i.set_light_digital_on_indicator) for set_light_digital_on_indicator
    main.o(i.PIOINT1_IRQHandler) refers to main.o(i.clear_interrupt_flag_gpio) for clear_interrupt_flag_gpio
    main.o(i.PIOINT1_IRQHandler) refers to main.o(.data) for j
    main.o(i.PIOINT1_IRQHandler) refers to main.o(.bss) for arr_val_in_reg
    main.o(i.PIOINT2_IRQHandler) refers to main.o(i.Delay) for Delay
    main.o(i.PIOINT2_IRQHandler) refers to main.o(i.clear_interrupt_flag_gpio) for clear_interrupt_flag_gpio
    main.o(i.PIOINT2_IRQHandler) refers to main.o(.data) for napr
    main.o(i.SysTick_Handler) refers to main.o(.data) for napr
    main.o(i.clear_interrupt_flag_gpio) refers to main.o(.constdata) for LPC_GPIO
    main.o(i.create_array_with_speeds) refers to dflt_clz.o(x$fpl$dfltu) for __aeabi_ui2d
    main.o(i.create_array_with_speeds) refers to dmul.o(x$fpl$dmul) for __aeabi_dmul
    main.o(i.create_array_with_speeds) refers to ddiv.o(x$fpl$ddiv) for __aeabi_ddiv
    main.o(i.create_array_with_speeds) refers to dfixu.o(x$fpl$dfixu) for __aeabi_d2uiz
    main.o(i.create_array_with_speeds) refers to system_lpc13xx.o(.data) for SystemCoreClock
    main.o(i.create_array_with_speeds) refers to main.o(.data) for i
    main.o(i.create_array_with_speeds) refers to main.o(.bss) for arr_val_in_reg
    main.o(i.init_external_interrupt) refers to main.o(.constdata) for LPC_GPIO
    main.o(i.init_hardware) refers to main.o(i.up_to_external_oscillator) for up_to_external_oscillator
    main.o(i.init_hardware) refers to system_lpc13xx.o(i.SystemCoreClockUpdate) for SystemCoreClockUpdate
    main.o(i.init_hardware) refers to gpio.o(i.GPIOInit) for GPIOInit
    main.o(i.init_hardware) refers to main.o(i.init_pins_on_phase_shifter) for init_pins_on_phase_shifter
    main.o(i.init_hardware) refers to main.o(i.init_pins_with_indicator) for init_pins_with_indicator
    main.o(i.init_hardware) refers to main.o(i.init_pins_with_buttons) for init_pins_with_buttons
    main.o(i.init_hardware) refers to main.o(i.init_pins_with_leds) for init_pins_with_leds
    main.o(i.init_interrupt) refers to main.o(i.init_external_interrupt) for init_external_interrupt
    main.o(i.init_interrupt) refers to main.o(i.NVIC_EnableIRQ) for NVIC_EnableIRQ
    main.o(i.init_pins_on_phase_shifter) refers to gpio.o(i.GPIOSetDir) for GPIOSetDir
    main.o(i.init_pins_with_buttons) refers to gpio.o(i.GPIOSetDir) for GPIOSetDir
    main.o(i.init_pins_with_indicator) refers to gpio.o(i.GPIOSetDir) for GPIOSetDir
    main.o(i.init_pins_with_leds) refers to gpio.o(i.GPIOSetDir) for GPIOSetDir
    main.o(i.main) refers to main.o(i.init_hardware) for init_hardware
    main.o(i.main) refers to main.o(i.init_interrupt) for init_interrupt
    main.o(i.main) refers to main.o(i.create_array_with_speeds) for create_array_with_speeds
    gpio.o(i.GPIOGetValue) refers to gpio.o(.constdata) for LPC_GPIO
    gpio.o(i.GPIOSetDir) refers to gpio.o(.constdata) for LPC_GPIO
    gpio.o(i.GPIOSetValue) refers to gpio.o(.constdata) for LPC_GPIO
    gpio.o(i.PIOINT0_IRQHandler) refers to gpio.o(i.GPIOIntStatus) for GPIOIntStatus
    gpio.o(i.PIOINT0_IRQHandler) refers to gpio.o(i.GPIOIntClear) for GPIOIntClear
    gpio.o(i.PIOINT0_IRQHandler) refers to gpio.o(.data) for gpio0_counter
    gpio.o(i.PIOINT3_IRQHandler) refers to gpio.o(i.GPIOIntStatus) for GPIOIntStatus
    gpio.o(i.PIOINT3_IRQHandler) refers to gpio.o(i.GPIOIntClear) for GPIOIntClear
    gpio.o(i.PIOINT3_IRQHandler) refers to gpio.o(.data) for gpio3_counter
    startup_lpc13xx.o(STACK) refers (Special) to heapauxi.o(.text) for __use_two_region_memory
    startup_lpc13xx.o(HEAP) refers (Special) to heapauxi.o(.text) for __use_two_region_memory
    startup_lpc13xx.o(RESET) refers (Special) to heapauxi.o(.text) for __use_two_region_memory
    startup_lpc13xx.o(RESET) refers to startup_lpc13xx.o(STACK) for __initial_sp
    startup_lpc13xx.o(RESET) refers to startup_lpc13xx.o(.text) for Reset_Handler
    startup_lpc13xx.o(RESET) refers to main.o(i.SysTick_Handler) for SysTick_Handler
    startup_lpc13xx.o(RESET) refers to gpio.o(i.PIOINT3_IRQHandler) for PIOINT3_IRQHandler
    startup_lpc13xx.o(RESET) refers to main.o(i.PIOINT2_IRQHandler) for PIOINT2_IRQHandler
    startup_lpc13xx.o(RESET) refers to main.o(i.PIOINT1_IRQHandler) for PIOINT1_IRQHandler
    startup_lpc13xx.o(RESET) refers to gpio.o(i.PIOINT0_IRQHandler) for PIOINT0_IRQHandler
    startup_lpc13xx.o(.ARM.__at_0x02FC) refers (Special) to heapauxi.o(.text) for __use_two_region_memory
    startup_lpc13xx.o(.text) refers (Special) to heapauxi.o(.text) for __use_two_region_memory
    startup_lpc13xx.o(.text) refers to system_lpc13xx.o(i.SystemInit) for SystemInit
    startup_lpc13xx.o(.text) refers to __main.o(!!!main) for __main
    startup_lpc13xx.o(.text) refers to startup_lpc13xx.o(HEAP) for Heap_Mem
    startup_lpc13xx.o(.text) refers to startup_lpc13xx.o(STACK) for Stack_Mem
    system_lpc13xx.o(i.SystemCoreClockUpdate) refers to system_lpc13xx.o(.data) for SystemCoreClock
    __main.o(!!!main) refers to __rtentry.o(.ARM.Collect$$rtentry$$00000000) for __rt_entry
    ddiv.o(x$fpl$drdiv) refers (Special) to usenofp.o(x$fpl$usenofp) for __I$use$fp
    ddiv.o(x$fpl$drdiv) refers to ddiv.o(x$fpl$ddiv) for ddiv_entry
    ddiv.o(x$fpl$ddiv) refers (Special) to usenofp.o(x$fpl$usenofp) for __I$use$fp
    ddiv.o(x$fpl$ddiv) refers to dretinf.o(x$fpl$dretinf) for __fpl_dretinf
    ddiv.o(x$fpl$ddiv) refers to dnaninf.o(x$fpl$dnaninf) for __fpl_dnaninf
    dfixu.o(x$fpl$dfixu) refers (Special) to usenofp.o(x$fpl$usenofp) for __I$use$fp
    dfixu.o(x$fpl$dfixu) refers to dnaninf.o(x$fpl$dnaninf) for __fpl_dnaninf
    dfixu.o(x$fpl$dfixur) refers (Special) to usenofp.o(x$fpl$usenofp) for __I$use$fp
    dfixu.o(x$fpl$dfixur) refers to dnaninf.o(x$fpl$dnaninf) for __fpl_dnaninf
    dflt_clz.o(x$fpl$dfltu) refers (Special) to usenofp.o(x$fpl$usenofp) for __I$use$fp
    dflt_clz.o(x$fpl$dflt) refers (Special) to usenofp.o(x$fpl$usenofp) for __I$use$fp
    dflt_clz.o(x$fpl$dfltn) refers (Special) to usenofp.o(x$fpl$usenofp) for __I$use$fp
    dmul.o(x$fpl$dmul) refers (Special) to usenofp.o(x$fpl$usenofp) for __I$use$fp
    dmul.o(x$fpl$dmul) refers to dretinf.o(x$fpl$dretinf) for __fpl_dretinf
    dmul.o(x$fpl$dmul) refers to dnaninf.o(x$fpl$dnaninf) for __fpl_dnaninf
    __rtentry.o(.ARM.Collect$$rtentry$$00000000) refers (Special) to __rtentry2.o(.ARM.Collect$$rtentry$$0000000A) for __rt_entry_li
    __rtentry.o(.ARM.Collect$$rtentry$$00000000) refers (Special) to __rtentry2.o(.ARM.Collect$$rtentry$$0000000D) for __rt_entry_main
    __rtentry.o(.ARM.Collect$$rtentry$$00000000) refers (Special) to __rtentry2.o(.ARM.Collect$$rtentry$$0000000C) for __rt_entry_postli_1
    __rtentry.o(.ARM.Collect$$rtentry$$00000000) refers (Special) to __rtentry2.o(.ARM.Collect$$rtentry$$00000009) for __rt_entry_postsh_1
    __rtentry.o(.ARM.Collect$$rtentry$$00000000) refers (Special) to __rtentry2.o(.ARM.Collect$$rtentry$$00000002) for __rt_entry_presh_1
    __rtentry.o(.ARM.Collect$$rtentry$$00000000) refers (Special) to __rtentry4.o(.ARM.Collect$$rtentry$$00000004) for __rt_entry_sh
    dnaninf.o(x$fpl$dnaninf) refers (Special) to usenofp.o(x$fpl$usenofp) for __I$use$fp
    dretinf.o(x$fpl$dretinf) refers (Special) to usenofp.o(x$fpl$usenofp) for __I$use$fp
    __rtentry2.o(.ARM.Collect$$rtentry$$00000008) refers to boardinit2.o(.text) for _platform_post_stackheap_init
    __rtentry2.o(.ARM.Collect$$rtentry$$0000000A) refers to libinit.o(.ARM.Collect$$libinit$$00000000) for __rt_lib_init
    __rtentry2.o(.ARM.Collect$$rtentry$$0000000B) refers to boardinit3.o(.text) for _platform_post_lib_init
    __rtentry2.o(.ARM.Collect$$rtentry$$0000000D) refers to main.o(i.main) for main
    __rtentry2.o(.ARM.Collect$$rtentry$$0000000D) refers to exit.o(.text) for exit
    __rtentry2.o(.ARM.exidx) refers to __rtentry2.o(.ARM.Collect$$rtentry$$00000001) for .ARM.Collect$$rtentry$$00000001
    __rtentry2.o(.ARM.exidx) refers to __rtentry2.o(.ARM.Collect$$rtentry$$00000008) for .ARM.Collect$$rtentry$$00000008
    __rtentry2.o(.ARM.exidx) refers to __rtentry2.o(.ARM.Collect$$rtentry$$0000000A) for .ARM.Collect$$rtentry$$0000000A
    __rtentry2.o(.ARM.exidx) refers to __rtentry2.o(.ARM.Collect$$rtentry$$0000000B) for .ARM.Collect$$rtentry$$0000000B
    __rtentry2.o(.ARM.exidx) refers to __rtentry2.o(.ARM.Collect$$rtentry$$0000000D) for .ARM.Collect$$rtentry$$0000000D
    __rtentry4.o(.ARM.Collect$$rtentry$$00000004) refers to sys_stackheap_outer.o(.text) for __user_setup_stackheap
    __rtentry4.o(.ARM.exidx) refers to __rtentry4.o(.ARM.Collect$$rtentry$$00000004) for .ARM.Collect$$rtentry$$00000004
    sys_stackheap_outer.o(.text) refers to libspace.o(.text) for __user_perproc_libspace
    sys_stackheap_outer.o(.text) refers to startup_lpc13xx.o(.text) for __user_initial_stackheap
    exit.o(.text) refers to rtexit.o(.ARM.Collect$$rtexit$$00000000) for __rt_exit
    libinit.o(.ARM.Collect$$libinit$$00000000) refers (Special) to libinit2.o(.ARM.Collect$$libinit$$0000002E) for __rt_lib_init_alloca_1
    libinit.o(.ARM.Collect$$libinit$$00000000) refers (Special) to libinit2.o(.ARM.Collect$$libinit$$0000002C) for __rt_lib_init_argv_1
    libinit.o(.ARM.Collect$$libinit$$00000000) refers (Special) to libinit2.o(.ARM.Collect$$libinit$$0000001B) for __rt_lib_init_atexit_1
    libinit.o(.ARM.Collect$$libinit$$00000000) refers (Special) to libinit2.o(.ARM.Collect$$libinit$$00000021) for __rt_lib_init_clock_1
    libinit.o(.ARM.Collect$$libinit$$00000000) refers (Special) to libinit2.o(.ARM.Collect$$libinit$$00000032) for __rt_lib_init_cpp_1
    libinit.o(.ARM.Collect$$libinit$$00000000) refers (Special) to libinit2.o(.ARM.Collect$$libinit$$00000030) for __rt_lib_init_exceptions_1
    libinit.o(.ARM.Collect$$libinit$$00000000) refers (Special) to libinit2.o(.ARM.Collect$$libinit$$00000002) for __rt_lib_init_fp_1
    libinit.o(.ARM.Collect$$libinit$$00000000) refers (Special) to libinit2.o(.ARM.Collect$$libinit$$0000001F) for __rt_lib_init_fp_trap_1
    libinit.o(.ARM.Collect$$libinit$$00000000) refers (Special) to libinit2.o(.ARM.Collect$$libinit$$00000023) for __rt_lib_init_getenv_1
    libinit.o(.ARM.Collect$$libinit$$00000000) refers (Special) to libinit2.o(.ARM.Collect$$libinit$$0000000A) for __rt_lib_init_heap_1
    libinit.o(.ARM.Collect$$libinit$$00000000) refers (Special) to libinit2.o(.ARM.Collect$$libinit$$00000011) for __rt_lib_init_lc_collate_1
    libinit.o(.ARM.Collect$$libinit$$00000000) refers (Special) to libinit2.o(.ARM.Collect$$libinit$$00000013) for __rt_lib_init_lc_ctype_1
    libinit.o(.ARM.Collect$$libinit$$00000000) refers (Special) to libinit2.o(.ARM.Collect$$libinit$$00000015) for __rt_lib_init_lc_monetary_1
    libinit.o(.ARM.Collect$$libinit$$00000000) refers (Special) to libinit2.o(.ARM.Collect$$libinit$$00000017) for __rt_lib_init_lc_numeric_1
    libinit.o(.ARM.Collect$$libinit$$00000000) refers (Special) to libinit2.o(.ARM.Collect$$libinit$$00000019) for __rt_lib_init_lc_time_1
    libinit.o(.ARM.Collect$$libinit$$00000000) refers (Special) to libinit2.o(.ARM.Collect$$libinit$$00000004) for __rt_lib_init_preinit_1
    libinit.o(.ARM.Collect$$libinit$$00000000) refers (Special) to libinit2.o(.ARM.Collect$$libinit$$0000000E) for __rt_lib_init_rand_1
    libinit.o(.ARM.Collect$$libinit$$00000000) refers (Special) to libinit2.o(.ARM.Collect$$libinit$$00000033) for __rt_lib_init_return
    libinit.o(.ARM.Collect$$libinit$$00000000) refers (Special) to libinit2.o(.ARM.Collect$$libinit$$0000001D) for __rt_lib_init_signal_1
    libinit.o(.ARM.Collect$$libinit$$00000000) refers (Special) to libinit2.o(.ARM.Collect$$libinit$$00000025) for __rt_lib_init_stdio_1
    libinit.o(.ARM.Collect$$libinit$$00000000) refers (Special) to libinit2.o(.ARM.Collect$$libinit$$0000000C) for __rt_lib_init_user_alloc_1
    libspace.o(.text) refers to libspace.o(.bss) for __libspace_start
    rtexit.o(.ARM.Collect$$rtexit$$00000000) refers (Special) to rtexit2.o(.ARM.Collect$$rtexit$$00000004) for __rt_exit_exit
    rtexit.o(.ARM.Collect$$rtexit$$00000000) refers (Special) to rtexit2.o(.ARM.Collect$$rtexit$$00000003) for __rt_exit_ls
    rtexit.o(.ARM.Collect$$rtexit$$00000000) refers (Special) to rtexit2.o(.ARM.Collect$$rtexit$$00000002) for __rt_exit_prels_1
    rtexit.o(.ARM.exidx) refers (Special) to rtexit2.o(.ARM.Collect$$rtexit$$00000004) for __rt_exit_exit
    rtexit.o(.ARM.exidx) refers (Special) to rtexit2.o(.ARM.Collect$$rtexit$$00000003) for __rt_exit_ls
    rtexit.o(.ARM.exidx) refers (Special) to rtexit2.o(.ARM.Collect$$rtexit$$00000002) for __rt_exit_prels_1
    rtexit.o(.ARM.exidx) refers to rtexit.o(.ARM.Collect$$rtexit$$00000000) for .ARM.Collect$$rtexit$$00000000
    libinit2.o(.ARM.Collect$$libinit$$00000010) refers to libinit2.o(.ARM.Collect$$libinit$$0000000F) for .ARM.Collect$$libinit$$0000000F
    libinit2.o(.ARM.Collect$$libinit$$00000012) refers to libinit2.o(.ARM.Collect$$libinit$$0000000F) for .ARM.Collect$$libinit$$0000000F
    libinit2.o(.ARM.Collect$$libinit$$00000014) refers to libinit2.o(.ARM.Collect$$libinit$$0000000F) for .ARM.Collect$$libinit$$0000000F
    libinit2.o(.ARM.Collect$$libinit$$00000016) refers to libinit2.o(.ARM.Collect$$libinit$$0000000F) for .ARM.Collect$$libinit$$0000000F
    libinit2.o(.ARM.Collect$$libinit$$00000018) refers to libinit2.o(.ARM.Collect$$libinit$$0000000F) for .ARM.Collect$$libinit$$0000000F
    libinit2.o(.ARM.Collect$$libinit$$00000026) refers to argv_veneer.o(.emb_text) for __ARM_argv_veneer
    libinit2.o(.ARM.Collect$$libinit$$00000027) refers to argv_veneer.o(.emb_text) for __ARM_argv_veneer
    rtexit2.o(.ARM.Collect$$rtexit$$00000003) refers to libshutdown.o(.ARM.Collect$$libshutdown$$00000000) for __rt_lib_shutdown
    rtexit2.o(.ARM.Collect$$rtexit$$00000004) refers to sys_exit.o(.text) for _sys_exit
    rtexit2.o(.ARM.exidx) refers to rtexit2.o(.ARM.Collect$$rtexit$$00000001) for .ARM.Collect$$rtexit$$00000001
    rtexit2.o(.ARM.exidx) refers to rtexit2.o(.ARM.Collect$$rtexit$$00000003) for .ARM.Collect$$rtexit$$00000003
    rtexit2.o(.ARM.exidx) refers to rtexit2.o(.ARM.Collect$$rtexit$$00000004) for .ARM.Collect$$rtexit$$00000004
    argv_veneer.o(.emb_text) refers to no_argv.o(.text) for __ARM_get_argv
    sys_exit.o(.text) refers (Special) to use_no_semi.o(.text) for __I$use$semihosting
    sys_exit.o(.text) refers (Special) to indicate_semi.o(.text) for __semihosting_library_function
    _get_argv_nomalloc.o(.text) refers (Special) to hrguard.o(.text) for __heap_region$guard
    _get_argv_nomalloc.o(.text) refers to defsig_rtmem_outer.o(.text) for __rt_SIGRTMEM
    _get_argv_nomalloc.o(.text) refers to sys_command.o(.text) for _sys_command_string
    libshutdown.o(.ARM.Collect$$libshutdown$$00000000) refers (Special) to libshutdown2.o(.ARM.Collect$$libshutdown$$00000002) for __rt_lib_shutdown_cpp_1
    libshutdown.o(.ARM.Collect$$libshutdown$$00000000) refers (Special) to libshutdown2.o(.ARM.Collect$$libshutdown$$00000007) for __rt_lib_shutdown_fp_trap_1
    libshutdown.o(.ARM.Collect$$libshutdown$$00000000) refers (Special) to libshutdown2.o(.ARM.Collect$$libshutdown$$0000000F) for __rt_lib_shutdown_heap_1
    libshutdown.o(.ARM.Collect$$libshutdown$$00000000) refers (Special) to libshutdown2.o(.ARM.Collect$$libshutdown$$00000010) for __rt_lib_shutdown_return
    libshutdown.o(.ARM.Collect$$libshutdown$$00000000) refers (Special) to libshutdown2.o(.ARM.Collect$$libshutdown$$0000000A) for __rt_lib_shutdown_signal_1
    libshutdown.o(.ARM.Collect$$libshutdown$$00000000) refers (Special) to libshutdown2.o(.ARM.Collect$$libshutdown$$00000004) for __rt_lib_shutdown_stdio_1
    libshutdown.o(.ARM.Collect$$libshutdown$$00000000) refers (Special) to libshutdown2.o(.ARM.Collect$$libshutdown$$0000000C) for __rt_lib_shutdown_user_alloc_1
    sys_command.o(.text) refers (Special) to use_no_semi.o(.text) for __I$use$semihosting
    sys_command.o(.text) refers (Special) to indicate_semi.o(.text) for __semihosting_library_function
    defsig_rtmem_outer.o(.text) refers to defsig_rtmem_inner.o(.text) for __rt_SIGRTMEM_inner
    defsig_rtmem_outer.o(.text) refers to defsig_exit.o(.text) for __sig_exit
    defsig_rtmem_formal.o(.text) refers to rt_raise.o(.text) for __rt_raise
    rt_raise.o(.text) refers to __raise.o(.text) for __raise
    rt_raise.o(.text) refers to sys_exit.o(.text) for _sys_exit
    defsig_exit.o(.text) refers to sys_exit.o(.text) for _sys_exit
    defsig_rtmem_inner.o(.text) refers to defsig_general.o(.text) for __default_signal_display
    __raise.o(.text) refers to defsig.o(CL$$defsig) for __default_signal_handler
    defsig_general.o(.text) refers to sys_wrch.o(.text) for _ttywrch
    sys_wrch.o(.text) refers (Special) to use_no_semi.o(.text) for __I$use$semihosting
    sys_wrch.o(.text) refers (Special) to indicate_semi.o(.text) for __semihosting_library_function
    defsig.o(CL$$defsig) refers to defsig_rtmem_inner.o(.text) for __rt_SIGRTMEM_inner
    defsig_abrt_inner.o(.text) refers to defsig_general.o(.text) for __default_signal_display
    defsig_fpe_inner.o(.text) refers to defsig_general.o(.text) for __default_signal_display
    defsig_rtred_inner.o(.text) refers to defsig_general.o(.text) for __default_signal_display
    defsig_stak_inner.o(.text) refers to defsig_general.o(.text) for __default_signal_display
    defsig_pvfn_inner.o(.text) refers to defsig_general.o(.text) for __default_signal_display
    defsig_cppl_inner.o(.text) refers to defsig_general.o(.text) for __default_signal_display
    defsig_segv_inner.o(.text) refers to defsig_general.o(.text) for __default_signal_display
    defsig_other.o(.text) refers to defsig_general.o(.text) for __default_signal_display


==============================================================================

Removing Unused input sections from the image.

    Removing main.o(.rev16_text), (4 bytes).
    Removing main.o(.revsh_text), (4 bytes).
    Removing main.o(.rrx_text), (6 bytes).
    Removing gpio.o(.rev16_text), (4 bytes).
    Removing gpio.o(.revsh_text), (4 bytes).
    Removing gpio.o(.rrx_text), (6 bytes).
    Removing gpio.o(i.GPIOGetValue), (32 bytes).
    Removing gpio.o(i.GPIOIntDisable), (104 bytes).
    Removing gpio.o(i.GPIOIntEnable), (104 bytes).
    Removing gpio.o(i.GPIOSetInterrupt), (432 bytes).
    Removing gpio.o(i.GPIOSetValue), (28 bytes).
    Removing system_lpc13xx.o(.rev16_text), (4 bytes).
    Removing system_lpc13xx.o(.revsh_text), (4 bytes).
    Removing system_lpc13xx.o(.rrx_text), (6 bytes).

14 unused section(s) (total 742 bytes) removed from the image.

==============================================================================

Image Symbol Table

    Local Symbols

    Symbol Name                              Value     Ov Type        Size  Object(Section)

    RESET                                    0x00000000   Section      296  startup_lpc13xx.o(RESET)
    ../clib/angel/boardlib.s                 0x00000000   Number         0  boardinit1.o ABSOLUTE
    ../clib/angel/boardlib.s                 0x00000000   Number         0  boardinit2.o ABSOLUTE
    ../clib/angel/boardlib.s                 0x00000000   Number         0  boardshut.o ABSOLUTE
    ../clib/angel/boardlib.s                 0x00000000   Number         0  boardinit3.o ABSOLUTE
    ../clib/angel/handlers.s                 0x00000000   Number         0  __scatter_zi.o ABSOLUTE
    ../clib/angel/handlers.s                 0x00000000   Number         0  __scatter_copy.o ABSOLUTE
    ../clib/angel/kernel.s                   0x00000000   Number         0  __rtentry4.o ABSOLUTE
    ../clib/angel/kernel.s                   0x00000000   Number         0  __rtentry.o ABSOLUTE
    ../clib/angel/kernel.s                   0x00000000   Number         0  rtexit2.o ABSOLUTE
    ../clib/angel/kernel.s                   0x00000000   Number         0  __rtentry2.o ABSOLUTE
    ../clib/angel/kernel.s                   0x00000000   Number         0  rtexit.o ABSOLUTE
    ../clib/angel/rt.s                       0x00000000   Number         0  rt_raise.o ABSOLUTE
    ../clib/angel/scatter.s                  0x00000000   Number         0  __scatter.o ABSOLUTE
    ../clib/angel/startup.s                  0x00000000   Number         0  __main.o ABSOLUTE
    ../clib/angel/sys.s                      0x00000000   Number         0  sys_stackheap_outer.o ABSOLUTE
    ../clib/angel/sys.s                      0x00000000   Number         0  indicate_semi.o ABSOLUTE
    ../clib/angel/sys.s                      0x00000000   Number         0  use_no_semi.o ABSOLUTE
    ../clib/angel/sys.s                      0x00000000   Number         0  libspace.o ABSOLUTE
    ../clib/angel/sysapp.c                   0x00000000   Number         0  sys_wrch.o ABSOLUTE
    ../clib/angel/sysapp.c                   0x00000000   Number         0  sys_exit.o ABSOLUTE
    ../clib/angel/sysapp.c                   0x00000000   Number         0  sys_command.o ABSOLUTE
    ../clib/armsys.c                         0x00000000   Number         0  argv_veneer.o ABSOLUTE
    ../clib/armsys.c                         0x00000000   Number         0  argv_veneer.o ABSOLUTE
    ../clib/armsys.c                         0x00000000   Number         0  _get_argv_nomalloc.o ABSOLUTE
    ../clib/armsys.c                         0x00000000   Number         0  no_argv.o ABSOLUTE
    ../clib/heapalloc.c                      0x00000000   Number         0  hrguard.o ABSOLUTE
    ../clib/heapaux.c                        0x00000000   Number         0  heapauxi.o ABSOLUTE
    ../clib/libinit.s                        0x00000000   Number         0  libshutdown.o ABSOLUTE
    ../clib/libinit.s                        0x00000000   Number         0  libinit2.o ABSOLUTE
    ../clib/libinit.s                        0x00000000   Number         0  libshutdown2.o ABSOLUTE
    ../clib/libinit.s                        0x00000000   Number         0  libinit.o ABSOLUTE
    ../clib/signal.c                         0x00000000   Number         0  defsig_exit.o ABSOLUTE
    ../clib/signal.c                         0x00000000   Number         0  defsig_abrt_inner.o ABSOLUTE
    ../clib/signal.c                         0x00000000   Number         0  defsig_fpe_inner.o ABSOLUTE
    ../clib/signal.c                         0x00000000   Number         0  defsig_rtmem_inner.o ABSOLUTE
    ../clib/signal.c                         0x00000000   Number         0  __raise.o ABSOLUTE
    ../clib/signal.c                         0x00000000   Number         0  defsig_stak_inner.o ABSOLUTE
    ../clib/signal.c                         0x00000000   Number         0  defsig_general.o ABSOLUTE
    ../clib/signal.c                         0x00000000   Number         0  defsig_rtred_inner.o ABSOLUTE
    ../clib/signal.c                         0x00000000   Number         0  defsig_pvfn_inner.o ABSOLUTE
    ../clib/signal.c                         0x00000000   Number         0  defsig_cppl_inner.o ABSOLUTE
    ../clib/signal.c                         0x00000000   Number         0  defsig_segv_inner.o ABSOLUTE
    ../clib/signal.c                         0x00000000   Number         0  defsig_other.o ABSOLUTE
    ../clib/signal.c                         0x00000000   Number         0  defsig_rtmem_outer.o ABSOLUTE
    ../clib/signal.c                         0x00000000   Number         0  defsig_rtmem_formal.o ABSOLUTE
    ../clib/signal.s                         0x00000000   Number         0  defsig.o ABSOLUTE
    ../clib/stdlib.c                         0x00000000   Number         0  exit.o ABSOLUTE
    ../fplib/ddiv.s                          0x00000000   Number         0  ddiv.o ABSOLUTE
    ../fplib/dfixu.s                         0x00000000   Number         0  dfixu.o ABSOLUTE
    ../fplib/dflt.s                          0x00000000   Number         0  dflt_clz.o ABSOLUTE
    ../fplib/dmul.s                          0x00000000   Number         0  dmul.o ABSOLUTE
    ../fplib/dnaninf.s                       0x00000000   Number         0  dnaninf.o ABSOLUTE
    ../fplib/dretinf.s                       0x00000000   Number         0  dretinf.o ABSOLUTE
    ../fplib/fpinit.s                        0x00000000   Number         0  fpinit.o ABSOLUTE
    ../fplib/usenofp.s                       0x00000000   Number         0  usenofp.o ABSOLUTE
    RTE\Device\LPC1343FBD48\startup_LPC13xx.s 0x00000000   Number         0  startup_lpc13xx.o ABSOLUTE
    RTE\Device\LPC1343FBD48\system_LPC13xx.c 0x00000000   Number         0  system_lpc13xx.o ABSOLUTE
    RTE\\Device\\LPC1343FBD48\\system_LPC13xx.c 0x00000000   Number         0  system_lpc13xx.o ABSOLUTE
    dc.s                                     0x00000000   Number         0  dc.o ABSOLUTE
    gpio_lpc.c                               0x00000000   Number         0  gpio_lpc.o ABSOLUTE
    lib\\gpio\\gpio.c                        0x00000000   Number         0  gpio.o ABSOLUTE
    lib\gpio\gpio.c                          0x00000000   Number         0  gpio.o ABSOLUTE
    user\\main.c                             0x00000000   Number         0  main.o ABSOLUTE
    user\main.c                              0x00000000   Number         0  main.o ABSOLUTE
    !!!main                                  0x00000128   Section        8  __main.o(!!!main)
    !!!scatter                               0x00000130   Section       52  __scatter.o(!!!scatter)
    !!handler_copy                           0x00000164   Section       26  __scatter_copy.o(!!handler_copy)
    !!handler_zi                             0x00000180   Section       28  __scatter_zi.o(!!handler_zi)
    .ARM.Collect$$libinit$$00000000          0x0000019c   Section        2  libinit.o(.ARM.Collect$$libinit$$00000000)
    .ARM.Collect$$libinit$$00000002          0x0000019e   Section        0  libinit2.o(.ARM.Collect$$libinit$$00000002)
    .ARM.Collect$$libinit$$00000004          0x0000019e   Section        0  libinit2.o(.ARM.Collect$$libinit$$00000004)
    .ARM.Collect$$libinit$$0000000A          0x0000019e   Section        0  libinit2.o(.ARM.Collect$$libinit$$0000000A)
    .ARM.Collect$$libinit$$0000000C          0x0000019e   Section        0  libinit2.o(.ARM.Collect$$libinit$$0000000C)
    .ARM.Collect$$libinit$$0000000E          0x0000019e   Section        0  libinit2.o(.ARM.Collect$$libinit$$0000000E)
    .ARM.Collect$$libinit$$00000011          0x0000019e   Section        0  libinit2.o(.ARM.Collect$$libinit$$00000011)
    .ARM.Collect$$libinit$$00000013          0x0000019e   Section        0  libinit2.o(.ARM.Collect$$libinit$$00000013)
    .ARM.Collect$$libinit$$00000015          0x0000019e   Section        0  libinit2.o(.ARM.Collect$$libinit$$00000015)
    .ARM.Collect$$libinit$$00000017          0x0000019e   Section        0  libinit2.o(.ARM.Collect$$libinit$$00000017)
    .ARM.Collect$$libinit$$00000019          0x0000019e   Section        0  libinit2.o(.ARM.Collect$$libinit$$00000019)
    .ARM.Collect$$libinit$$0000001B          0x0000019e   Section        0  libinit2.o(.ARM.Collect$$libinit$$0000001B)
    .ARM.Collect$$libinit$$0000001D          0x0000019e   Section        0  libinit2.o(.ARM.Collect$$libinit$$0000001D)
    .ARM.Collect$$libinit$$0000001F          0x0000019e   Section        0  libinit2.o(.ARM.Collect$$libinit$$0000001F)
    .ARM.Collect$$libinit$$00000021          0x0000019e   Section        0  libinit2.o(.ARM.Collect$$libinit$$00000021)
    .ARM.Collect$$libinit$$00000023          0x0000019e   Section        0  libinit2.o(.ARM.Collect$$libinit$$00000023)
    .ARM.Collect$$libinit$$00000025          0x0000019e   Section        0  libinit2.o(.ARM.Collect$$libinit$$00000025)
    .ARM.Collect$$libinit$$0000002C          0x0000019e   Section        0  libinit2.o(.ARM.Collect$$libinit$$0000002C)
    .ARM.Collect$$libinit$$0000002E          0x0000019e   Section        0  libinit2.o(.ARM.Collect$$libinit$$0000002E)
    .ARM.Collect$$libinit$$00000030          0x0000019e   Section        0  libinit2.o(.ARM.Collect$$libinit$$00000030)
    .ARM.Collect$$libinit$$00000032          0x0000019e   Section        0  libinit2.o(.ARM.Collect$$libinit$$00000032)
    .ARM.Collect$$libinit$$00000033          0x0000019e   Section        2  libinit2.o(.ARM.Collect$$libinit$$00000033)
    .ARM.Collect$$libshutdown$$00000000      0x000001a0   Section        2  libshutdown.o(.ARM.Collect$$libshutdown$$00000000)
    .ARM.Collect$$libshutdown$$00000002      0x000001a2   Section        0  libshutdown2.o(.ARM.Collect$$libshutdown$$00000002)
    .ARM.Collect$$libshutdown$$00000004      0x000001a2   Section        0  libshutdown2.o(.ARM.Collect$$libshutdown$$00000004)
    .ARM.Collect$$libshutdown$$00000007      0x000001a2   Section        0  libshutdown2.o(.ARM.Collect$$libshutdown$$00000007)
    .ARM.Collect$$libshutdown$$0000000A      0x000001a2   Section        0  libshutdown2.o(.ARM.Collect$$libshutdown$$0000000A)
    .ARM.Collect$$libshutdown$$0000000C      0x000001a2   Section        0  libshutdown2.o(.ARM.Collect$$libshutdown$$0000000C)
    .ARM.Collect$$libshutdown$$0000000F      0x000001a2   Section        0  libshutdown2.o(.ARM.Collect$$libshutdown$$0000000F)
    .ARM.Collect$$libshutdown$$00000010      0x000001a2   Section        2  libshutdown2.o(.ARM.Collect$$libshutdown$$00000010)
    .ARM.Collect$$rtentry$$00000000          0x000001a4   Section        0  __rtentry.o(.ARM.Collect$$rtentry$$00000000)
    .ARM.Collect$$rtentry$$00000002          0x000001a4   Section        0  __rtentry2.o(.ARM.Collect$$rtentry$$00000002)
    .ARM.Collect$$rtentry$$00000004          0x000001a4   Section        6  __rtentry4.o(.ARM.Collect$$rtentry$$00000004)
    .ARM.Collect$$rtentry$$00000009          0x000001aa   Section        0  __rtentry2.o(.ARM.Collect$$rtentry$$00000009)
    .ARM.Collect$$rtentry$$0000000A          0x000001aa   Section        4  __rtentry2.o(.ARM.Collect$$rtentry$$0000000A)
    .ARM.Collect$$rtentry$$0000000C          0x000001ae   Section        0  __rtentry2.o(.ARM.Collect$$rtentry$$0000000C)
    .ARM.Collect$$rtentry$$0000000D          0x000001ae   Section        8  __rtentry2.o(.ARM.Collect$$rtentry$$0000000D)
    .ARM.Collect$$rtexit$$00000000           0x000001b6   Section        2  rtexit.o(.ARM.Collect$$rtexit$$00000000)
    .ARM.Collect$$rtexit$$00000002           0x000001b8   Section        0  rtexit2.o(.ARM.Collect$$rtexit$$00000002)
    .ARM.Collect$$rtexit$$00000003           0x000001b8   Section        4  rtexit2.o(.ARM.Collect$$rtexit$$00000003)
    .ARM.Collect$$rtexit$$00000004           0x000001bc   Section        6  rtexit2.o(.ARM.Collect$$rtexit$$00000004)
    .text                                    0x000001c4   Section       60  startup_lpc13xx.o(.text)
    .text                                    0x00000200   Section        0  heapauxi.o(.text)
    .text                                    0x00000206   Section       74  sys_stackheap_outer.o(.text)
    .text                                    0x00000250   Section        0  exit.o(.text)
    .text                                    0x00000264   Section        8  libspace.o(.text)
    .text                                    0x0000026c   Section        0  sys_exit.o(.text)
    .text                                    0x00000278   Section        2  use_no_semi.o(.text)
    .text                                    0x0000027a   Section        0  indicate_semi.o(.text)
    i.Delay                                  0x0000027a   Section        0  main.o(i.Delay)
    i.GPIOInit                               0x0000028c   Section        0  gpio.o(i.GPIOInit)
    i.GPIOSetDir                             0x000002a4   Section        0  gpio.o(i.GPIOSetDir)
    x$fpl$dretinf                            0x000002ec   Section       12  dretinf.o(x$fpl$dretinf)
    x$fpl$usenofp                            0x000002f8   Section        0  usenofp.o(x$fpl$usenofp)
    .ARM.__at_0x02FC                         0x000002fc   Section        4  startup_lpc13xx.o(.ARM.__at_0x02FC)
    i.GPIOIntClear                           0x00000300   Section        0  gpio.o(i.GPIOIntClear)
    i.GPIOIntStatus                          0x00000368   Section        0  gpio.o(i.GPIOIntStatus)
    i.NVIC_EnableIRQ                         0x000003d4   Section        0  main.o(i.NVIC_EnableIRQ)
    NVIC_EnableIRQ                           0x000003d5   Thumb Code    22  main.o(i.NVIC_EnableIRQ)
    i.PIOINT0_IRQHandler                     0x000003ec   Section        0  gpio.o(i.PIOINT0_IRQHandler)
    i.PIOINT1_IRQHandler                     0x00000420   Section        0  main.o(i.PIOINT1_IRQHandler)
    i.PIOINT2_IRQHandler                     0x000004c8   Section        0  main.o(i.PIOINT2_IRQHandler)
    i.PIOINT3_IRQHandler                     0x0000055c   Section        0  gpio.o(i.PIOINT3_IRQHandler)
    i.SysTick_Handler                        0x00000590   Section        0  main.o(i.SysTick_Handler)
    i.SystemCoreClockUpdate                  0x000005ec   Section        0  system_lpc13xx.o(i.SystemCoreClockUpdate)
    i.SystemInit                             0x00000768   Section        0  system_lpc13xx.o(i.SystemInit)
    i.clear_interrupt_flag_gpio              0x00000834   Section        0  main.o(i.clear_interrupt_flag_gpio)
    i.create_array_with_speeds               0x0000084c   Section        0  main.o(i.create_array_with_speeds)
    i.init_external_interrupt                0x000008d8   Section        0  main.o(i.init_external_interrupt)
    i.init_hardware                          0x00000958   Section        0  main.o(i.init_hardware)
    i.init_interrupt                         0x00000998   Section        0  main.o(i.init_interrupt)
    i.init_pins_on_phase_shifter             0x000009ba   Section        0  main.o(i.init_pins_on_phase_shifter)
    i.init_pins_with_buttons                 0x000009fa   Section        0  main.o(i.init_pins_with_buttons)
    i.init_pins_with_indicator               0x00000a12   Section        0  main.o(i.init_pins_with_indicator)
    i.init_pins_with_leds                    0x00000a66   Section        0  main.o(i.init_pins_with_leds)
    i.main                                   0x00000abc   Section        0  main.o(i.main)
    i.set_light_digital_on_indicator         0x00000b34   Section        0  main.o(i.set_light_digital_on_indicator)
    i.up_to_external_oscillator              0x00001038   Section        0  main.o(i.up_to_external_oscillator)
    x$fpl$ddiv                               0x000010d0   Section      688  ddiv.o(x$fpl$ddiv)
    ddiv_entry                               0x000010d7   Thumb Code     0  ddiv.o(x$fpl$ddiv)
    x$fpl$dfixu                              0x00001380   Section       90  dfixu.o(x$fpl$dfixu)
    x$fpl$dfltu                              0x000013da   Section       38  dflt_clz.o(x$fpl$dfltu)
    x$fpl$dmul                               0x00001400   Section      340  dmul.o(x$fpl$dmul)
    x$fpl$dnaninf                            0x00001554   Section      156  dnaninf.o(x$fpl$dnaninf)
    .constdata                               0x000015f0   Section       16  main.o(.constdata)
    LPC_GPIO                                 0x000015f0   Data          16  main.o(.constdata)
    .constdata                               0x00001600   Section       16  gpio.o(.constdata)
    LPC_GPIO                                 0x00001600   Data          16  gpio.o(.constdata)
    .data                                    0x10000000   Section       16  main.o(.data)
    i                                        0x10000004   Data           4  main.o(.data)
    counting_n                               0x10000008   Data           1  main.o(.data)
    j                                        0x1000000c   Data           4  main.o(.data)
    .data                                    0x10000010   Section       32  gpio.o(.data)
    .data                                    0x10000030   Section        4  system_lpc13xx.o(.data)
    .bss                                     0x10000034   Section       12  main.o(.bss)
    .bss                                     0x10000040   Section       96  libspace.o(.bss)
    HEAP                                     0x100000a0   Section        0  startup_lpc13xx.o(HEAP)
    STACK                                    0x100000a0   Section      512  startup_lpc13xx.o(STACK)
    Heap_Mem                                 0x100000a0   Data           0  startup_lpc13xx.o(HEAP)
    Stack_Mem                                0x100000a0   Data         512  startup_lpc13xx.o(STACK)
    __initial_sp                             0x100002a0   Data           0  startup_lpc13xx.o(STACK)

    Global Symbols

    Symbol Name                              Value     Ov Type        Size  Object(Section)

    BuildAttributes$$THM_ISAv4$P$D$K$B$S$PE$A:L22UL41UL21$X:L11$S22US41US21$IEEE1$IW$USESV6$~STKCKD$USESV7$~SHL$OSPACE$ROPI$EBA8$UX$STANDARDLIB$REQ8$PRES8$EABIv2 0x00000000   Number         0  anon$$obj.o ABSOLUTE
    __ARM_use_no_argv                        0x00000000   Number         0  main.o ABSOLUTE
    __Vectors                                0x00000000   Data           4  startup_lpc13xx.o(RESET)
    __ARM_exceptions_init                     - Undefined Weak Reference
    __alloca_initialize                       - Undefined Weak Reference
    __arm_preinit_                            - Undefined Weak Reference
    __cpp_initialize__aeabi_                  - Undefined Weak Reference
    __cxa_finalize                            - Undefined Weak Reference
    __rt_locale                               - Undefined Weak Reference
    __sigvec_lookup                           - Undefined Weak Reference
    _atexit_init                              - Undefined Weak Reference
    _call_atexit_fns                          - Undefined Weak Reference
    _clock_init                               - Undefined Weak Reference
    _fp_trap_init                             - Undefined Weak Reference
    _fp_trap_shutdown                         - Undefined Weak Reference
    _get_lc_collate                           - Undefined Weak Reference
    _get_lc_ctype                             - Undefined Weak Reference
    _get_lc_monetary                          - Undefined Weak Reference
    _get_lc_numeric                           - Undefined Weak Reference
    _get_lc_time                              - Undefined Weak Reference
    _getenv_init                              - Undefined Weak Reference
    _handle_redirection                       - Undefined Weak Reference
    _init_alloc                               - Undefined Weak Reference
    _init_user_alloc                          - Undefined Weak Reference
    _initio                                   - Undefined Weak Reference
    _rand_init                                - Undefined Weak Reference
    _signal_finish                            - Undefined Weak Reference
    _signal_init                              - Undefined Weak Reference
    _terminate_alloc                          - Undefined Weak Reference
    _terminate_user_alloc                     - Undefined Weak Reference
    _terminateio                              - Undefined Weak Reference
    __main                                   0x00000129   Thumb Code     8  __main.o(!!!main)
    __scatterload                            0x00000131   Thumb Code     0  __scatter.o(!!!scatter)
    __scatterload_rt2                        0x00000131   Thumb Code    44  __scatter.o(!!!scatter)
    __scatterload_rt2_thumb_only             0x00000131   Thumb Code     0  __scatter.o(!!!scatter)
    __scatterload_null                       0x0000013f   Thumb Code     0  __scatter.o(!!!scatter)
    __scatterload_copy                       0x00000165   Thumb Code    26  __scatter_copy.o(!!handler_copy)
    __scatterload_zeroinit                   0x00000181   Thumb Code    28  __scatter_zi.o(!!handler_zi)
    __rt_lib_init                            0x0000019d   Thumb Code     0  libinit.o(.ARM.Collect$$libinit$$00000000)
    __rt_lib_init_alloca_1                   0x0000019f   Thumb Code     0  libinit2.o(.ARM.Collect$$libinit$$0000002E)
    __rt_lib_init_argv_1                     0x0000019f   Thumb Code     0  libinit2.o(.ARM.Collect$$libinit$$0000002C)
    __rt_lib_init_atexit_1                   0x0000019f   Thumb Code     0  libinit2.o(.ARM.Collect$$libinit$$0000001B)
    __rt_lib_init_clock_1                    0x0000019f   Thumb Code     0  libinit2.o(.ARM.Collect$$libinit$$00000021)
    __rt_lib_init_cpp_1                      0x0000019f   Thumb Code     0  libinit2.o(.ARM.Collect$$libinit$$00000032)
    __rt_lib_init_exceptions_1               0x0000019f   Thumb Code     0  libinit2.o(.ARM.Collect$$libinit$$00000030)
    __rt_lib_init_fp_1                       0x0000019f   Thumb Code     0  libinit2.o(.ARM.Collect$$libinit$$00000002)
    __rt_lib_init_fp_trap_1                  0x0000019f   Thumb Code     0  libinit2.o(.ARM.Collect$$libinit$$0000001F)
    __rt_lib_init_getenv_1                   0x0000019f   Thumb Code     0  libinit2.o(.ARM.Collect$$libinit$$00000023)
    __rt_lib_init_heap_1                     0x0000019f   Thumb Code     0  libinit2.o(.ARM.Collect$$libinit$$0000000A)
    __rt_lib_init_lc_collate_1               0x0000019f   Thumb Code     0  libinit2.o(.ARM.Collect$$libinit$$00000011)
    __rt_lib_init_lc_ctype_1                 0x0000019f   Thumb Code     0  libinit2.o(.ARM.Collect$$libinit$$00000013)
    __rt_lib_init_lc_monetary_1              0x0000019f   Thumb Code     0  libinit2.o(.ARM.Collect$$libinit$$00000015)
    __rt_lib_init_lc_numeric_1               0x0000019f   Thumb Code     0  libinit2.o(.ARM.Collect$$libinit$$00000017)
    __rt_lib_init_lc_time_1                  0x0000019f   Thumb Code     0  libinit2.o(.ARM.Collect$$libinit$$00000019)
    __rt_lib_init_preinit_1                  0x0000019f   Thumb Code     0  libinit2.o(.ARM.Collect$$libinit$$00000004)
    __rt_lib_init_rand_1                     0x0000019f   Thumb Code     0  libinit2.o(.ARM.Collect$$libinit$$0000000E)
    __rt_lib_init_return                     0x0000019f   Thumb Code     0  libinit2.o(.ARM.Collect$$libinit$$00000033)
    __rt_lib_init_signal_1                   0x0000019f   Thumb Code     0  libinit2.o(.ARM.Collect$$libinit$$0000001D)
    __rt_lib_init_stdio_1                    0x0000019f   Thumb Code     0  libinit2.o(.ARM.Collect$$libinit$$00000025)
    __rt_lib_init_user_alloc_1               0x0000019f   Thumb Code     0  libinit2.o(.ARM.Collect$$libinit$$0000000C)
    __rt_lib_shutdown                        0x000001a1   Thumb Code     0  libshutdown.o(.ARM.Collect$$libshutdown$$00000000)
    __rt_lib_shutdown_cpp_1                  0x000001a3   Thumb Code     0  libshutdown2.o(.ARM.Collect$$libshutdown$$00000002)
    __rt_lib_shutdown_fp_trap_1              0x000001a3   Thumb Code     0  libshutdown2.o(.ARM.Collect$$libshutdown$$00000007)
    __rt_lib_shutdown_heap_1                 0x000001a3   Thumb Code     0  libshutdown2.o(.ARM.Collect$$libshutdown$$0000000F)
    __rt_lib_shutdown_return                 0x000001a3   Thumb Code     0  libshutdown2.o(.ARM.Collect$$libshutdown$$00000010)
    __rt_lib_shutdown_signal_1               0x000001a3   Thumb Code     0  libshutdown2.o(.ARM.Collect$$libshutdown$$0000000A)
    __rt_lib_shutdown_stdio_1                0x000001a3   Thumb Code     0  libshutdown2.o(.ARM.Collect$$libshutdown$$00000004)
    __rt_lib_shutdown_user_alloc_1           0x000001a3   Thumb Code     0  libshutdown2.o(.ARM.Collect$$libshutdown$$0000000C)
    __rt_entry                               0x000001a5   Thumb Code     0  __rtentry.o(.ARM.Collect$$rtentry$$00000000)
    __rt_entry_presh_1                       0x000001a5   Thumb Code     0  __rtentry2.o(.ARM.Collect$$rtentry$$00000002)
    __rt_entry_sh                            0x000001a5   Thumb Code     0  __rtentry4.o(.ARM.Collect$$rtentry$$00000004)
    __rt_entry_li                            0x000001ab   Thumb Code     0  __rtentry2.o(.ARM.Collect$$rtentry$$0000000A)
    __rt_entry_postsh_1                      0x000001ab   Thumb Code     0  __rtentry2.o(.ARM.Collect$$rtentry$$00000009)
    __rt_entry_main                          0x000001af   Thumb Code     0  __rtentry2.o(.ARM.Collect$$rtentry$$0000000D)
    __rt_entry_postli_1                      0x000001af   Thumb Code     0  __rtentry2.o(.ARM.Collect$$rtentry$$0000000C)
    __rt_exit                                0x000001b7   Thumb Code     0  rtexit.o(.ARM.Collect$$rtexit$$00000000)
    __rt_exit_ls                             0x000001b9   Thumb Code     0  rtexit2.o(.ARM.Collect$$rtexit$$00000003)
    __rt_exit_prels_1                        0x000001b9   Thumb Code     0  rtexit2.o(.ARM.Collect$$rtexit$$00000002)
    __rt_exit_exit                           0x000001bd   Thumb Code     0  rtexit2.o(.ARM.Collect$$rtexit$$00000004)
    Reset_Handler                            0x000001c5   Thumb Code     8  startup_lpc13xx.o(.text)
    NMI_Handler                              0x000001cd   Thumb Code     2  startup_lpc13xx.o(.text)
    HardFault_Handler                        0x000001cf   Thumb Code     2  startup_lpc13xx.o(.text)
    MemManage_Handler                        0x000001d1   Thumb Code     2  startup_lpc13xx.o(.text)
    BusFault_Handler                         0x000001d3   Thumb Code     2  startup_lpc13xx.o(.text)
    UsageFault_Handler                       0x000001d5   Thumb Code     2  startup_lpc13xx.o(.text)
    SVC_Handler                              0x000001d7   Thumb Code     2  startup_lpc13xx.o(.text)
    DebugMon_Handler                         0x000001d9   Thumb Code     2  startup_lpc13xx.o(.text)
    PendSV_Handler                           0x000001db   Thumb Code     2  startup_lpc13xx.o(.text)
    ADC_IRQHandler                           0x000001df   Thumb Code     0  startup_lpc13xx.o(.text)
    BOD_IRQHandler                           0x000001df   Thumb Code     0  startup_lpc13xx.o(.text)
    FMC_IRQHandler                           0x000001df   Thumb Code     0  startup_lpc13xx.o(.text)
    I2C_IRQHandler                           0x000001df   Thumb Code     0  startup_lpc13xx.o(.text)
    SSP0_IRQHandler                          0x000001df   Thumb Code     0  startup_lpc13xx.o(.text)
    SSP1_IRQHandler                          0x000001df   Thumb Code     0  startup_lpc13xx.o(.text)
    TIMER16_0_IRQHandler                     0x000001df   Thumb Code     0  startup_lpc13xx.o(.text)
    TIMER16_1_IRQHandler                     0x000001df   Thumb Code     0  startup_lpc13xx.o(.text)
    TIMER32_0_IRQHandler                     0x000001df   Thumb Code     0  startup_lpc13xx.o(.text)
    TIMER32_1_IRQHandler                     0x000001df   Thumb Code     0  startup_lpc13xx.o(.text)
    UART_IRQHandler                          0x000001df   Thumb Code     0  startup_lpc13xx.o(.text)
    USB_FIQHandler                           0x000001df   Thumb Code     0  startup_lpc13xx.o(.text)
    USB_IRQHandler                           0x000001df   Thumb Code     0  startup_lpc13xx.o(.text)
    WAKEUP_IRQHandler                        0x000001df   Thumb Code     0  startup_lpc13xx.o(.text)
    WDT_IRQHandler                           0x000001df   Thumb Code     0  startup_lpc13xx.o(.text)
    __user_initial_stackheap                 0x000001e1   Thumb Code     0  startup_lpc13xx.o(.text)
    __use_two_region_memory                  0x00000201   Thumb Code     2  heapauxi.o(.text)
    __rt_heap_escrow$2region                 0x00000203   Thumb Code     2  heapauxi.o(.text)
    __rt_heap_expand$2region                 0x00000205   Thumb Code     2  heapauxi.o(.text)
    __user_setup_stackheap                   0x00000207   Thumb Code    74  sys_stackheap_outer.o(.text)
    exit                                     0x00000251   Thumb Code    18  exit.o(.text)
    __user_libspace                          0x00000265   Thumb Code     8  libspace.o(.text)
    __user_perproc_libspace                  0x00000265   Thumb Code     0  libspace.o(.text)
    __user_perthread_libspace                0x00000265   Thumb Code     0  libspace.o(.text)
    _sys_exit                                0x0000026d   Thumb Code     8  sys_exit.o(.text)
    __I$use$semihosting                      0x00000279   Thumb Code     0  use_no_semi.o(.text)
    __use_no_semihosting_swi                 0x00000279   Thumb Code     2  use_no_semi.o(.text)
    Delay                                    0x0000027b   Thumb Code    18  main.o(i.Delay)
    __semihosting_library_function           0x0000027b   Thumb Code     0  indicate_semi.o(.text)
    GPIOInit                                 0x0000028d   Thumb Code    18  gpio.o(i.GPIOInit)
    GPIOSetDir                               0x000002a5   Thumb Code    68  gpio.o(i.GPIOSetDir)
    __fpl_dretinf                            0x000002ed   Thumb Code    12  dretinf.o(x$fpl$dretinf)
    __I$use$fp                               0x000002f8   Number         0  usenofp.o(x$fpl$usenofp)
    GPIOIntClear                             0x00000301   Thumb Code    86  gpio.o(i.GPIOIntClear)
    GPIOIntStatus                            0x00000369   Thumb Code    92  gpio.o(i.GPIOIntStatus)
    PIOINT0_IRQHandler                       0x000003ed   Thumb Code    44  gpio.o(i.PIOINT0_IRQHandler)
    PIOINT1_IRQHandler                       0x00000421   Thumb Code   142  main.o(i.PIOINT1_IRQHandler)
    PIOINT2_IRQHandler                       0x000004c9   Thumb Code   132  main.o(i.PIOINT2_IRQHandler)
    PIOINT3_IRQHandler                       0x0000055d   Thumb Code    44  gpio.o(i.PIOINT3_IRQHandler)
    SysTick_Handler                          0x00000591   Thumb Code    80  main.o(i.SysTick_Handler)
    SystemCoreClockUpdate                    0x000005ed   Thumb Code   308  system_lpc13xx.o(i.SystemCoreClockUpdate)
    SystemInit                               0x00000769   Thumb Code   194  system_lpc13xx.o(i.SystemInit)
    clear_interrupt_flag_gpio                0x00000835   Thumb Code    18  main.o(i.clear_interrupt_flag_gpio)
    create_array_with_speeds                 0x0000084d   Thumb Code   118  main.o(i.create_array_with_speeds)
    init_external_interrupt                  0x000008d9   Thumb Code   122  main.o(i.init_external_interrupt)
    init_hardware                            0x00000959   Thumb Code    56  main.o(i.init_hardware)
    init_interrupt                           0x00000999   Thumb Code    34  main.o(i.init_interrupt)
    init_pins_on_phase_shifter               0x000009bb   Thumb Code    64  main.o(i.init_pins_on_phase_shifter)
    init_pins_with_buttons                   0x000009fb   Thumb Code    24  main.o(i.init_pins_with_buttons)
    init_pins_with_indicator                 0x00000a13   Thumb Code    84  main.o(i.init_pins_with_indicator)
    init_pins_with_leds                      0x00000a67   Thumb Code    84  main.o(i.init_pins_with_leds)
    main                                     0x00000abd   Thumb Code   112  main.o(i.main)
    set_light_digital_on_indicator           0x00000b35   Thumb Code  1280  main.o(i.set_light_digital_on_indicator)
    up_to_external_oscillator                0x00001039   Thumb Code   144  main.o(i.up_to_external_oscillator)
    __aeabi_ddiv                             0x000010d1   Thumb Code     0  ddiv.o(x$fpl$ddiv)
    _ddiv                                    0x000010d1   Thumb Code   552  ddiv.o(x$fpl$ddiv)
    __aeabi_d2uiz                            0x00001381   Thumb Code     0  dfixu.o(x$fpl$dfixu)
    _dfixu                                   0x00001381   Thumb Code    90  dfixu.o(x$fpl$dfixu)
    __aeabi_ui2d                             0x000013db   Thumb Code     0  dflt_clz.o(x$fpl$dfltu)
    _dfltu                                   0x000013db   Thumb Code    38  dflt_clz.o(x$fpl$dfltu)
    __aeabi_dmul                             0x00001401   Thumb Code     0  dmul.o(x$fpl$dmul)
    _dmul                                    0x00001401   Thumb Code   332  dmul.o(x$fpl$dmul)
    __fpl_dnaninf                            0x00001555   Thumb Code   156  dnaninf.o(x$fpl$dnaninf)
    Region$$Table$$Base                      0x00001610   Number         0  anon$$obj.o(Region$$Table)
    Region$$Table$$Limit                     0x00001630   Number         0  anon$$obj.o(Region$$Table)
    napr                                     0x10000000   Data           1  main.o(.data)
    gpio0_counter                            0x10000010   Data           4  gpio.o(.data)
    p0_1_counter                             0x10000014   Data           4  gpio.o(.data)
    gpio1_counter                            0x10000018   Data           4  gpio.o(.data)
    p1_1_counter                             0x1000001c   Data           4  gpio.o(.data)
    gpio2_counter                            0x10000020   Data           4  gpio.o(.data)
    p2_1_counter                             0x10000024   Data           4  gpio.o(.data)
    gpio3_counter                            0x10000028   Data           4  gpio.o(.data)
    p3_1_counter                             0x1000002c   Data           4  gpio.o(.data)
    SystemCoreClock                          0x10000030   Data           4  system_lpc13xx.o(.data)
    arr_val_in_reg                           0x10000034   Data          12  main.o(.bss)
    __libspace_start                         0x10000040   Data          96  libspace.o(.bss)
    __temporary_stack_top$libspace           0x100000a0   Data           0  libspace.o(.bss)



==============================================================================

Memory Map of the image

  Image Entry point : 0x000001c5

  Load Region LR_1 (Base: 0x00000000, Size: 0x00001664, Max: 0xffffffff, ABSOLUTE)

    Execution Region ER_RO (Base: 0x00000000, Size: 0x00001630, Max: 0xffffffff, ABSOLUTE)

    Base Addr    Size         Type   Attr      Idx    E Section Name        Object

    0x00000000   0x00000128   Data   RO          270    RESET               startup_lpc13xx.o
    0x00000128   0x00000008   Code   RO          318  * !!!main             c_w.l(__main.o)
    0x00000130   0x00000034   Code   RO          496    !!!scatter          c_w.l(__scatter.o)
    0x00000164   0x0000001a   Code   RO          498    !!handler_copy      c_w.l(__scatter_copy.o)
    0x0000017e   0x00000002   PAD
    0x00000180   0x0000001c   Code   RO          500    !!handler_zi        c_w.l(__scatter_zi.o)
    0x0000019c   0x00000002   Code   RO          366    .ARM.Collect$$libinit$$00000000  c_w.l(libinit.o)
    0x0000019e   0x00000000   Code   RO          373    .ARM.Collect$$libinit$$00000002  c_w.l(libinit2.o)
    0x0000019e   0x00000000   Code   RO          375    .ARM.Collect$$libinit$$00000004  c_w.l(libinit2.o)
    0x0000019e   0x00000000   Code   RO          378    .ARM.Collect$$libinit$$0000000A  c_w.l(libinit2.o)
    0x0000019e   0x00000000   Code   RO          380    .ARM.Collect$$libinit$$0000000C  c_w.l(libinit2.o)
    0x0000019e   0x00000000   Code   RO          382    .ARM.Collect$$libinit$$0000000E  c_w.l(libinit2.o)
    0x0000019e   0x00000000   Code   RO          385    .ARM.Collect$$libinit$$00000011  c_w.l(libinit2.o)
    0x0000019e   0x00000000   Code   RO          387    .ARM.Collect$$libinit$$00000013  c_w.l(libinit2.o)
    0x0000019e   0x00000000   Code   RO          389    .ARM.Collect$$libinit$$00000015  c_w.l(libinit2.o)
    0x0000019e   0x00000000   Code   RO          391    .ARM.Collect$$libinit$$00000017  c_w.l(libinit2.o)
    0x0000019e   0x00000000   Code   RO          393    .ARM.Collect$$libinit$$00000019  c_w.l(libinit2.o)
    0x0000019e   0x00000000   Code   RO          395    .ARM.Collect$$libinit$$0000001B  c_w.l(libinit2.o)
    0x0000019e   0x00000000   Code   RO          397    .ARM.Collect$$libinit$$0000001D  c_w.l(libinit2.o)
    0x0000019e   0x00000000   Code   RO          399    .ARM.Collect$$libinit$$0000001F  c_w.l(libinit2.o)
    0x0000019e   0x00000000   Code   RO          401    .ARM.Collect$$libinit$$00000021  c_w.l(libinit2.o)
    0x0000019e   0x00000000   Code   RO          403    .ARM.Collect$$libinit$$00000023  c_w.l(libinit2.o)
    0x0000019e   0x00000000   Code   RO          405    .ARM.Collect$$libinit$$00000025  c_w.l(libinit2.o)
    0x0000019e   0x00000000   Code   RO          409    .ARM.Collect$$libinit$$0000002C  c_w.l(libinit2.o)
    0x0000019e   0x00000000   Code   RO          411    .ARM.Collect$$libinit$$0000002E  c_w.l(libinit2.o)
    0x0000019e   0x00000000   Code   RO          413    .ARM.Collect$$libinit$$00000030  c_w.l(libinit2.o)
    0x0000019e   0x00000000   Code   RO          415    .ARM.Collect$$libinit$$00000032  c_w.l(libinit2.o)
    0x0000019e   0x00000002   Code   RO          416    .ARM.Collect$$libinit$$00000033  c_w.l(libinit2.o)
    0x000001a0   0x00000002   Code   RO          436    .ARM.Collect$$libshutdown$$00000000  c_w.l(libshutdown.o)
    0x000001a2   0x00000000   Code   RO          449    .ARM.Collect$$libshutdown$$00000002  c_w.l(libshutdown2.o)
    0x000001a2   0x00000000   Code   RO          451    .ARM.Collect$$libshutdown$$00000004  c_w.l(libshutdown2.o)
    0x000001a2   0x00000000   Code   RO          454    .ARM.Collect$$libshutdown$$00000007  c_w.l(libshutdown2.o)
    0x000001a2   0x00000000   Code   RO          457    .ARM.Collect$$libshutdown$$0000000A  c_w.l(libshutdown2.o)
    0x000001a2   0x00000000   Code   RO          459    .ARM.Collect$$libshutdown$$0000000C  c_w.l(libshutdown2.o)
    0x000001a2   0x00000000   Code   RO          462    .ARM.Collect$$libshutdown$$0000000F  c_w.l(libshutdown2.o)
    0x000001a2   0x00000002   Code   RO          463    .ARM.Collect$$libshutdown$$00000010  c_w.l(libshutdown2.o)
    0x000001a4   0x00000000   Code   RO          336    .ARM.Collect$$rtentry$$00000000  c_w.l(__rtentry.o)
    0x000001a4   0x00000000   Code   RO          343    .ARM.Collect$$rtentry$$00000002  c_w.l(__rtentry2.o)
    0x000001a4   0x00000006   Code   RO          355    .ARM.Collect$$rtentry$$00000004  c_w.l(__rtentry4.o)
    0x000001aa   0x00000000   Code   RO          345    .ARM.Collect$$rtentry$$00000009  c_w.l(__rtentry2.o)
    0x000001aa   0x00000004   Code   RO          346    .ARM.Collect$$rtentry$$0000000A  c_w.l(__rtentry2.o)
    0x000001ae   0x00000000   Code   RO          348    .ARM.Collect$$rtentry$$0000000C  c_w.l(__rtentry2.o)
    0x000001ae   0x00000008   Code   RO          349    .ARM.Collect$$rtentry$$0000000D  c_w.l(__rtentry2.o)
    0x000001b6   0x00000002   Code   RO          370    .ARM.Collect$$rtexit$$00000000  c_w.l(rtexit.o)
    0x000001b8   0x00000000   Code   RO          418    .ARM.Collect$$rtexit$$00000002  c_w.l(rtexit2.o)
    0x000001b8   0x00000004   Code   RO          419    .ARM.Collect$$rtexit$$00000003  c_w.l(rtexit2.o)
    0x000001bc   0x00000006   Code   RO          420    .ARM.Collect$$rtexit$$00000004  c_w.l(rtexit2.o)
    0x000001c2   0x00000002   PAD
    0x000001c4   0x0000003c   Code   RO          272  * .text               startup_lpc13xx.o
    0x00000200   0x00000006   Code   RO          316    .text               c_w.l(heapauxi.o)
    0x00000206   0x0000004a   Code   RO          357    .text               c_w.l(sys_stackheap_outer.o)
    0x00000250   0x00000012   Code   RO          359    .text               c_w.l(exit.o)
    0x00000262   0x00000002   PAD
    0x00000264   0x00000008   Code   RO          367    .text               c_w.l(libspace.o)
    0x0000026c   0x0000000c   Code   RO          428    .text               c_w.l(sys_exit.o)
    0x00000278   0x00000002   Code   RO          439    .text               c_w.l(use_no_semi.o)
    0x0000027a   0x00000000   Code   RO          441    .text               c_w.l(indicate_semi.o)
    0x0000027a   0x00000012   Code   RO            4    i.Delay             main.o
    0x0000028c   0x00000018   Code   RO          177    i.GPIOInit          gpio.o
    0x000002a4   0x00000048   Code   RO          182    i.GPIOSetDir        gpio.o
    0x000002ec   0x0000000c   Code   RO          339    x$fpl$dretinf       fz_ws.l(dretinf.o)
    0x000002f8   0x00000000   Code   RO          341    x$fpl$usenofp       fz_ws.l(usenofp.o)
    0x000002f8   0x00000004   PAD
    0x000002fc   0x00000004   Code   RO          271    .ARM.__at_0x02FC    startup_lpc13xx.o
    0x00000300   0x00000068   Code   RO          178    i.GPIOIntClear      gpio.o
    0x00000368   0x0000006c   Code   RO          181    i.GPIOIntStatus     gpio.o
    0x000003d4   0x00000016   Code   RO            5    i.NVIC_EnableIRQ    main.o
    0x000003ea   0x00000002   PAD
    0x000003ec   0x00000034   Code   RO          185    i.PIOINT0_IRQHandler  gpio.o
    0x00000420   0x000000a8   Code   RO            6    i.PIOINT1_IRQHandler  main.o
    0x000004c8   0x00000094   Code   RO            7    i.PIOINT2_IRQHandler  main.o
    0x0000055c   0x00000034   Code   RO          186    i.PIOINT3_IRQHandler  gpio.o
    0x00000590   0x0000005c   Code   RO            8    i.SysTick_Handler   main.o
    0x000005ec   0x0000017c   Code   RO          281    i.SystemCoreClockUpdate  system_lpc13xx.o
    0x00000768   0x000000cc   Code   RO          282    i.SystemInit        system_lpc13xx.o
    0x00000834   0x00000018   Code   RO            9    i.clear_interrupt_flag_gpio  main.o
    0x0000084c   0x0000008c   Code   RO           10    i.create_array_with_speeds  main.o
    0x000008d8   0x00000080   Code   RO           11    i.init_external_interrupt  main.o
    0x00000958   0x00000040   Code   RO           12    i.init_hardware     main.o
    0x00000998   0x00000022   Code   RO           13    i.init_interrupt    main.o
    0x000009ba   0x00000040   Code   RO           14    i.init_pins_on_phase_shifter  main.o
    0x000009fa   0x00000018   Code   RO           15    i.init_pins_with_buttons  main.o
    0x00000a12   0x00000054   Code   RO           16    i.init_pins_with_indicator  main.o
    0x00000a66   0x00000054   Code   RO           17    i.init_pins_with_leds  main.o
    0x00000aba   0x00000002   PAD
    0x00000abc   0x00000078   Code   RO           18    i.main              main.o
    0x00000b34   0x00000504   Code   RO           19    i.set_light_digital_on_indicator  main.o
    0x00001038   0x00000098   Code   RO           20    i.up_to_external_oscillator  main.o
    0x000010d0   0x000002b0   Code   RO          321    x$fpl$ddiv          fz_ws.l(ddiv.o)
    0x00001380   0x0000005a   Code   RO          324    x$fpl$dfixu         fz_ws.l(dfixu.o)
    0x000013da   0x00000026   Code   RO          328    x$fpl$dfltu         fz_ws.l(dflt_clz.o)
    0x00001400   0x00000154   Code   RO          334    x$fpl$dmul          fz_ws.l(dmul.o)
    0x00001554   0x0000009c   Code   RO          337    x$fpl$dnaninf       fz_ws.l(dnaninf.o)
    0x000015f0   0x00000010   Data   RO           22    .constdata          main.o
    0x00001600   0x00000010   Data   RO          187    .constdata          gpio.o
    0x00001610   0x00000020   Data   RO          494    Region$$Table       anon$$obj.o


    Execution Region ER_RW (Base: 0x10000000, Size: 0x00000034, Max: 0xffffffff, ABSOLUTE)

    Base Addr    Size         Type   Attr      Idx    E Section Name        Object

    0x10000000   0x00000010   Data   RW           23    .data               main.o
    0x10000010   0x00000020   Data   RW          188    .data               gpio.o
    0x10000030   0x00000004   Data   RW          283    .data               system_lpc13xx.o


    Execution Region ER_ZI (Base: 0x10000034, Size: 0x0000026c, Max: 0xffffffff, ABSOLUTE)

    Base Addr    Size         Type   Attr      Idx    E Section Name        Object

    0x10000034   0x0000000c   Zero   RW           21    .bss                main.o
    0x10000040   0x00000060   Zero   RW          368    .bss                c_w.l(libspace.o)
    0x100000a0   0x00000000   Zero   RW          269    HEAP                startup_lpc13xx.o
    0x100000a0   0x00000200   Zero   RW          268    STACK               startup_lpc13xx.o


==============================================================================

Image component sizes


      Code (inc. data)   RO Data    RW Data    ZI Data      Debug   Object Name

       412         60         16         32          0       4103   gpio.o
      2650        130         16         16         12      43674   main.o
        64         26        296          0        512       1008   startup_lpc13xx.o
       584         98          0          4          0       2699   system_lpc13xx.o

    ----------------------------------------------------------------------
      3714        314        360         52        524      51484   Object Totals
         0          0         32          0          0          0   (incl. Generated)
         4          0          0          0          0          0   (incl. Padding)

    ----------------------------------------------------------------------

      Code (inc. data)   RO Data    RW Data    ZI Data      Debug   Library Member Name

         8          0          0          0          0         68   __main.o
         0          0          0          0          0          0   __rtentry.o
        12          0          0          0          0          0   __rtentry2.o
         6          0          0          0          0          0   __rtentry4.o
        52          8          0          0          0          0   __scatter.o
        26          0          0          0          0          0   __scatter_copy.o
        28          0          0          0          0          0   __scatter_zi.o
        18          0          0          0          0         80   exit.o
         6          0          0          0          0        152   heapauxi.o
         0          0          0          0          0          0   indicate_semi.o
         2          0          0          0          0          0   libinit.o
         2          0          0          0          0          0   libinit2.o
         2          0          0          0          0          0   libshutdown.o
         2          0          0          0          0          0   libshutdown2.o
         8          4          0          0         96         68   libspace.o
         2          0          0          0          0          0   rtexit.o
        10          0          0          0          0          0   rtexit2.o
        12          4          0          0          0         68   sys_exit.o
        74          0          0          0          0         80   sys_stackheap_outer.o
         2          0          0          0          0         68   use_no_semi.o
       688        140          0          0          0        208   ddiv.o
        90          4          0          0          0         92   dfixu.o
        38          0          0          0          0         68   dflt_clz.o
       340         12          0          0          0        104   dmul.o
       156          4          0          0          0         92   dnaninf.o
        12          0          0          0          0         68   dretinf.o
         0          0          0          0          0          0   usenofp.o

    ----------------------------------------------------------------------
      1606        176          0          0         96       1216   Library Totals
        10          0          0          0          0          0   (incl. Padding)

    ----------------------------------------------------------------------

      Code (inc. data)   RO Data    RW Data    ZI Data      Debug   Library Name

       272         16          0          0         96        584   c_w.l
      1324        160          0          0          0        632   fz_ws.l

    ----------------------------------------------------------------------
      1606        176          0          0         96       1216   Library Totals

    ----------------------------------------------------------------------

==============================================================================


      Code (inc. data)   RO Data    RW Data    ZI Data      Debug   

      5320        490        360         52        620      51188   Grand Totals
      5320        490        360         52        620      51188   ELF Image Totals
      5320        490        360         52          0          0   ROM Totals

==============================================================================

    Total RO  Size (Code + RO Data)                 5680 (   5.55kB)
    Total RW  Size (RW Data + ZI Data)               672 (   0.66kB)
    Total ROM Size (Code + RO Data + RW Data)       5732 (   5.60kB)

==============================================================================

